<html>
<body>
<pre>
<h1>µVision Build Log</h1>
<h2>Tool Versions:</h2>
IDE-Version: ¦ÌVision V5.34.0.0
Copyright (C) 2021 ARM Ltd and ARM Germany GmbH. All rights reserved.
License Information: 1 ALIENWARE, 1, LIC=03C6R-K5RQG-RAFDM-X1XEF-QM63N-5Q9AZ
 
Tool Versions:
Toolchain:       MDK-ARM Plus  Version: 5.34.0.0
Toolchain Path:  C:\Keil_v5\ARM\ARMCC\Bin
C Compiler:      Armcc.exe V5.06 update 7 (build 960)
Assembler:       Armasm.exe V5.06 update 7 (build 960)
Linker/Locator:  ArmLink.exe V5.06 update 7 (build 960)
Library Manager: ArmAr.exe V5.06 update 7 (build 960)
Hex Converter:   FromElf.exe V5.06 update 7 (build 960)
CPU DLL:         SARMCM3.DLL V5.34.0.0
Dialog DLL:      DCM.DLL V1.17.3.0
Target DLL:      Segger\JL2CM3.dll V2.99.38.0
Dialog DLL:      TCM.DLL V1.48.0.0
 
<h2>Project:</h2>
C:\Users\ALIENWARE\Documents\Public\SDK\SPD1179_FW_V14_0_11\Project\0_Examples\18_1_Flash_Operation\MDK-ARM\Project.uvprojx
Project File Date:  06/04/2026

<h2>Output:</h2>
*** Using Compiler 'V5.06 update 7 (build 960)', folder: 'C:\Keil_v5\ARM\ARMCC\Bin'
Build target 'FWLib'
compiling hwlib.c...
compiling power.c...
compiling comp.c...
compiling ecap.c...
compiling dma.c...
compiling pwm.c...
compiling phcomp.c...
compiling gpio.c...
compiling adc.c...
compiling pga.c...
assembling startup_spc1169.s...
compiling epwr.c...
compiling spd1179_hv.c...
compiling clock.c...
compiling main.c...
compiling isr.c...
compiling system.c...
compiling timer.c...
compiling system_spc1169.c...
compiling delay.c...
compiling uart.c...
compiling spi.c...
compiling crc.c...
compiling wdt.c...
compiling can.c...
compiling retarget.c...
compiling pin.c...
compiling i2c.c...
linking...
Program Size: Code=2704 RO-data=452 RW-data=60 ZI-data=6244  
FromELF: creating hex file...
".\Objects\Project.axf" - 0 Error(s), 0 Warning(s).

<h2>Software Packages used:</h2>

Package Vendor: ARM
                http://www.keil.com/pack/ARM.CMSIS.5.7.0.pack
                ARM.CMSIS.5.7.0
                CMSIS (Cortex Microcontroller Software Interface Standard)

<h2>Collection of Component include folders:</h2>
  C:\Users\ALIENWARE\AppData\Local\Arm\Packs\ARM\CMSIS\5.7.0\Device\ARM\ARMCM4\Include

<h2>Collection of Component Files used:</h2>
Build Time Elapsed:  00:00:09
</pre>
</body>
</html>
